[
{
"id": 1,
"historyDate": "2019-03-24",
"note": "Headache at previous night. Took tylenol but the symptons still there.",
"patient_id": 1
},
{
"id": 2,
"historyDate": "2019-01-13",
"note": "Had nausea and headache previous night. Took 150mg Tylenol",
"patient_id": 1
},
{
"id": 3,
"historyDate": "2018-12-30",
"note": "The patients complains about continuous headache after being hit by a falling tree. Took on Aspirin.",
"patient_id": 1
}
]