{
"id": 1,
"name": "Luigi Scarminio",
"age": 37,
"bloodType": "O-",
"address": "Cool Street 123",
"phone": "+55 12 12345678",
"emergencyContact": "Call Mom +55 12 987654321"
}